// Vitest Snapshot v1

exports[`ThemeProvider > should match snapshot 1`] = `
<DocumentFragment>
  <p>
    night
  </p>
  <button>
    Change theme
  </button>
</DocumentFragment>
`;
