// Vitest Snapshot v1

exports[`LOADER: > should match snapshot 1`] = `
<DocumentFragment>
  <div
    aria-busy="true"
    aria-label="loading indicator"
    class="loader"
    data-testid="circles-with-bar-wrapper"
    role="status"
    style="display: flex;"
  >
    <svg
      data-testid="circles-with-bar-svg"
      enable-background="new 0 0 100 100"
      height="6rem"
      id="L1"
      version="1.1"
      viewBox="0 0 100 100"
      width="6rem"
      x="0px"
      xml:space="preserve"
      xmlns="http://www.w3.org/2000/svg"
      y="0px"
    >
      <circle
        cx="50"
        cy="50"
        fill="none"
        r="47"
        stroke="#acb4bd"
        stroke-dasharray="14.2472,14.2472"
        stroke-miterlimit="15"
        stroke-width="6"
      >
        <animatetransform
          attributeName="transform"
          attributeType="XML"
          dur="5s"
          from="0 50 50"
          repeatCount="indefinite"
          to="360 50 50"
          type="rotate"
        />
      </circle>
      <circle
        cx="50"
        cy="50"
        fill="none"
        r="39"
        stroke="#999"
        stroke-dasharray="10,10"
        stroke-miterlimit="10"
        stroke-width="1"
      >
        <animatetransform
          attributeName="transform"
          attributeType="XML"
          dur="5s"
          from="0 50 50"
          repeatCount="indefinite"
          to="-360 50 50"
          type="rotate"
        />
      </circle>
      <g
        data-testid="circles-with-bar-svg-bar"
        fill="#f68657"
      >
        <rect
          height="30"
          width="5"
          x="30"
          y="35"
        >
          <animatetransform
            attributeName="transform"
            begin="0.1"
            dur="1s"
            repeatCount="indefinite"
            type="translate"
            values="0 5 ; 0 -5; 0 5"
          />
        </rect>
        <rect
          height="30"
          width="5"
          x="40"
          y="35"
        >
          <animatetransform
            attributeName="transform"
            begin="0.2"
            dur="1s"
            repeatCount="indefinite"
            type="translate"
            values="0 5 ; 0 -5; 0 5"
          />
        </rect>
        <rect
          height="30"
          width="5"
          x="50"
          y="35"
        >
          <animatetransform
            attributeName="transform"
            begin="0.3"
            dur="1s"
            repeatCount="indefinite"
            type="translate"
            values="0 5 ; 0 -5; 0 5"
          />
        </rect>
        <rect
          height="30"
          width="5"
          x="60"
          y="35"
        >
          <animatetransform
            attributeName="transform"
            begin="0.4"
            dur="1s"
            repeatCount="indefinite"
            type="translate"
            values="0 5 ; 0 -5; 0 5"
          />
        </rect>
        <rect
          height="30"
          width="5"
          x="70"
          y="35"
        >
          <animatetransform
            attributeName="transform"
            begin="0.5"
            dur="1s"
            repeatCount="indefinite"
            type="translate"
            values="0 5 ; 0 -5; 0 5"
          />
        </rect>
      </g>
    </svg>
  </div>
</DocumentFragment>
`;
