// Vitest Snapshot v1

exports[`HEADER: > should match snapshot 1`] = `
<DocumentFragment>
  <div
    class="css-1399pzr"
    data-testid="app-header"
  >
    <h1>
      Note App
    </h1>
  </div>
</DocumentFragment>
`;
