// Vitest Snapshot v1

exports[`Layout > should match snapshot 1`] = `
<DocumentFragment>
  <div
    class="night css-10j4kk1"
    data-testid="app-layout"
  >
    <div
      class="css-14g8731"
    />
  </div>
</DocumentFragment>
`;
