// Vitest Snapshot v1

exports[`NotFound > should match snapshot 1`] = `
<DocumentFragment>
  <div
    class="css-1n2qccw"
  >
    <h2>
      Page not found
    </h2>
    <svg
      aria-hidden="true"
      class="svg-inline--fa fa-face-sad-tear fa-fade fa-5x "
      data-icon="face-sad-tear"
      data-prefix="fas"
      focusable="false"
      role="img"
      viewBox="0 0 512 512"
      xmlns="http://www.w3.org/2000/svg"
    >
      <path
        d="M0 256C0 397.4 114.6 512 256 512s256-114.6 256-256S397.4 0 256 0S0 114.6 0 256zm240 80c0-8.8 7.2-16 16-16c45 0 85.6 20.5 115.7 53.1c6 6.5 5.6 16.6-.9 22.6s-16.6 5.6-22.6-.9c-25-27.1-57.4-42.9-92.3-42.9c-8.8 0-16-7.2-16-16zm-80 80c-26.5 0-48-21-48-47c0-20 28.6-60.4 41.6-77.7c3.2-4.4 9.6-4.4 12.8 0C179.6 308.6 208 349 208 369c0 26-21.5 47-48 47zM303.6 208c0-17.7 14.3-32 32-32s32 14.3 32 32s-14.3 32-32 32s-32-14.3-32-32zm-128 32c-17.7 0-32-14.3-32-32s14.3-32 32-32s32 14.3 32 32s-14.3 32-32 32z"
        fill="currentColor"
      />
    </svg>
    <a
      class="css-1qofjy"
      href="/"
      style="bottom: 1.5rem;"
      title="Back to home"
    >
      <svg
        aria-hidden="true"
        class="svg-inline--fa fa-house fa-inverse fa-xl "
        data-icon="house"
        data-prefix="fas"
        focusable="false"
        role="img"
        viewBox="0 0 576 512"
        xmlns="http://www.w3.org/2000/svg"
      >
        <path
          d="M575.8 255.5c0 18-15 32.1-32 32.1h-32l.7 160.2c0 2.7-.2 5.4-.5 8.1V472c0 22.1-17.9 40-40 40H456c-1.1 0-2.2 0-3.3-.1c-1.4 .1-2.8 .1-4.2 .1H416 392c-22.1 0-40-17.9-40-40V448 384c0-17.7-14.3-32-32-32H256c-17.7 0-32 14.3-32 32v64 24c0 22.1-17.9 40-40 40H160 128.1c-1.5 0-3-.1-4.5-.2c-1.2 .1-2.4 .2-3.6 .2H104c-22.1 0-40-17.9-40-40V360c0-.9 0-1.9 .1-2.8V287.6H32c-18 0-32-14-32-32.1c0-9 3-17 10-24L266.4 8c7-7 15-8 22-8s15 2 21 7L564.8 231.5c8 7 12 15 11 24z"
          fill="currentColor"
        />
      </svg>
    </a>
  </div>
</DocumentFragment>
`;
