// Vitest Snapshot v1

exports[`Layout > should match snapshot 1`] = `
<DocumentFragment>
  <div
    class="css-1tya718"
    data-testid="app-layout"
  >
    <div
      class="css-1ye3ylc"
    />
  </div>
</DocumentFragment>
`;
