// Vitest Snapshot v1

exports[`NOTE ITEM: > should match snapshot 1`] = `
<DocumentFragment>
  <a
    data-testid="note-8d5lli23glblj7ppy"
    href="/notes/note-8d5lli23glblj7ppy"
    role="link"
  >
    <div
      class="css-1ki75lg"
    >
      <h3>
        Testing
      </h3>
      <p>
        <span>
          December 17, 1995 at 3:24:00 AM
        </span>
        <span>
           Note
        </span>
      </p>
    </div>
  </a>
</DocumentFragment>
`;
